
> exokora@0.0.0 build
> vite build

[36mvite v7.3.0 [32mbuilding client environment for production...[36m[39m
transforming...
[32mΓ£ô[39m 4591 modules transformed.
npm.cmd : [31mΓ£ù[39m Build failed in 13.61s
At line:1 char:1
+ npm.cmd run build > build_output.txt 2>&1
+ ~~~~~~~~~~~~~~~~~~~~~~~~~~~~~~~~~~~~~~~~~
    + CategoryInfo          : NotSpecified: ([31mΓ£ù[39m Build failed in 13.61s:String) [], RemoteException
    + FullyQualifiedErrorId : NativeCommandError
 
[31merror during build:
[31msrc/components/Architecture.jsx (3:4): "Activity" is not exported by 
"node_modules/@phosphor-icons/react/dist/index.es.js", imported by "src/components/Architecture.jsx".[31m
file: [36mC:/Users/HP/Antigravity/Exokora/src/components/Architecture.jsx:3:4[31m
[33m
1: import { useNavigate } from 'react-router-dom';
2: import {
3:     Activity,
       ^
4:     Cpu,
5:     PaperPlaneTilt,
[31m
    at getRollupError (file:///C:/Users/HP/Antigravity/Exokora/node_modules/rollup/dist/es/shared/parseAst.js:401:41)
    at error (file:///C:/Users/HP/Antigravity/Exokora/node_modules/rollup/dist/es/shared/parseAst.js:397:42)
    at Module.error (file:///C:/Users/HP/Antigravity/Exokora/node_modules/rollup/dist/es/shared/node-entry.js:17022:16)
    at Module.traceVariable 
(file:///C:/Users/HP/Antigravity/Exokora/node_modules/rollup/dist/es/shared/node-entry.js:17478:29)
    at ModuleScope.findVariable 
(file:///C:/Users/HP/Antigravity/Exokora/node_modules/rollup/dist/es/shared/node-entry.js:15141:39)
    at ReturnValueScope.findVariable 
(file:///C:/Users/HP/Antigravity/Exokora/node_modules/rollup/dist/es/shared/node-entry.js:5688:38)
    at FunctionBodyScope.findVariable 
(file:///C:/Users/HP/Antigravity/Exokora/node_modules/rollup/dist/es/shared/node-entry.js:5688:38)
    at Identifier.bind 
(file:///C:/Users/HP/Antigravity/Exokora/node_modules/rollup/dist/es/shared/node-entry.js:5462:40)
    at Property.bind (file:///C:/Users/HP/Antigravity/Exokora/node_modules/rollup/dist/es/shared/node-entry.js:2829:23)
    at ObjectExpression.bind 
(file:///C:/Users/HP/Antigravity/Exokora/node_modules/rollup/dist/es/shared/node-entry.js:2825:28)[39m
